// Jest Snapshot v1, https://goo.gl/fbAQLP

exports[`ble.service should be true 1`] = `true`;
