// Jest Snapshot v1, https://goo.gl/fbAQLP

exports[`app.service should be true 1`] = `true`;
