// Jest Snapshot v1, https://goo.gl/fbAQLP

exports[`ai.service should be true 1`] = `true`;
