// Jest Snapshot v1, https://goo.gl/fbAQLP

exports[`generators should be true 1`] = `true`;
